
> astrology-app@0.0.0 build
> vite build

[36mvite v8.0.13 [32mbuilding client environment for production...[36m[39m
[2K
transforming...Γ£ô 1817 modules transformed.
node.exe : [31mΓ£ù[39m Build failed in 408ms
At line:1 char:1
+ & "D:\Apps\node js/node.exe" "C:\Users\Ansh sharma\AppData\Roaming\np ...
+ ~~~~~~~~~~~~~~~~~~~~~~~~~~~~~~~~~~~~~~~~~~~~~~~~~~~~~~~~~~~~~~~~~~~~~
    + CategoryInfo          : NotSpecified: ([31mΓ£ù[39m Build failed in 408ms:String) [], RemoteException
    + FullyQualifiedErrorId : NativeCommandError
 
[31merror during build:
[31mBuild failed with 1 error:

[31m[builtin:vite-transform] [0mExpected `,` or `)` but found `{`
      [38;5;246mΓò¡[0m[38;5;246mΓöÇ[0m[38;5;246m[[0m src/pages/Admin.jsx:1303:7 [38;5;246m][0m
      [38;5;246mΓöé[0m
 [38;5;246m 519 Γöé[0m [38;5;249m [0m[38;5;249m 
[0m[38;5;249mr[0m[38;5;249me[0m[38;5;249mt[0m[38;5;249mu[0m[38;5;249mr[0m[38;5;249mn[0m[38;5;249m [0m(
 [38;5;240m     Γöé[0m          Γö¼  
 [38;5;240m     Γöé[0m          Γò░ΓöÇΓöÇ Opened here
 [38;5;240m     Γöé[0m 
 [38;5;246m1303 Γöé[0m [38;5;249m [0m[38;5;249m [0m[38;5;249m [0m[38;5;249m [0m[38;5;249m [0m[38;5;249m 
[0m{[38;5;249m/[0m[38;5;249m*[0m[38;5;249m 
[0m[38;5;249mE[0m[38;5;249md[0m[38;5;249mi[0m[38;5;249mt[0m[38;5;249m 
[0m[38;5;249mB[0m[38;5;249ml[0m[38;5;249mo[0m[38;5;249mg[0m[38;5;249m 
[0m[38;5;249mM[0m[38;5;249mo[0m[38;5;249md[0m[38;5;249ma[0m[38;5;249ml[0m[38;5;249m 
[0m[38;5;249m*[0m[38;5;249m/[0m[38;5;249m}[0m
 [38;5;240m     Γöé[0m       Γö¼  
 [38;5;240m     Γöé[0m       Γò░ΓöÇΓöÇ `,` or `)` expected
[38;5;246mΓöÇΓöÇΓöÇΓöÇΓöÇΓöÇΓò»[0m
[31m
    at aggregateBindingErrorsIntoJsError (file:///C:/Users/Ansh%20sharma/OneDrive/Desktop/ASTROLOGY%20APP/node_modules/
rolldown/dist/shared/error-CkdMJ9ps.mjs:48:18)
    at unwrapBindingResult (file:///C:/Users/Ansh%20sharma/OneDrive/Desktop/ASTROLOGY%20APP/node_modules/rolldown/dist/
shared/error-CkdMJ9ps.mjs:18:128)
    at #build (file:///C:/Users/Ansh%20sharma/OneDrive/Desktop/ASTROLOGY%20APP/node_modules/rolldown/dist/shared/rolldo
wn-build-BVD3dIdE.mjs:3275:34)
    at async buildEnvironment 
(file:///C:/Users/Ansh%20sharma/OneDrive/Desktop/ASTROLOGY%20APP/node_modules/vite/dist/node/chunks/node.js:33133:64)
    at async Object.build 
(file:///C:/Users/Ansh%20sharma/OneDrive/Desktop/ASTROLOGY%20APP/node_modules/vite/dist/node/chunks/node.js:33555:19)
    at async Object.buildApp 
(file:///C:/Users/Ansh%20sharma/OneDrive/Desktop/ASTROLOGY%20APP/node_modules/vite/dist/node/chunks/node.js:33552:153)
    at async CAC.<anonymous> 
(file:///C:/Users/Ansh%20sharma/OneDrive/Desktop/ASTROLOGY%20APP/node_modules/vite/dist/node/cli.js:777:3) {
  errors: [Getter/Setter]
}[39m
